// Jest Snapshot v1, https://goo.gl/fbAQLP

exports[`Test case "declared-non-exported-type-change" 1`] = `
{
  "minChangeType": "major",
}
`;
