// Jest Snapshot v1, https://goo.gl/fbAQLP

exports[`Test case "constants-changed-types" 1`] = `
{
  "minChangeType": "major",
}
`;

exports[`Test case "constants-no-change" 1`] = `
{
  "minChangeType": "none",
}
`;
