// Jest Snapshot v1, https://goo.gl/fbAQLP

exports[`Test case "args-changed" 1`] = `
{
  "minChangeType": "major",
}
`;

exports[`Test case "args-narrowed" 1`] = `
{
  "minChangeType": "major",
}
`;

exports[`Test case "args-newly-required" 1`] = `
{
  "minChangeType": "major",
}
`;

exports[`Test case "args-removed" 1`] = `
{
  "minChangeType": "major",
}
`;

exports[`Test case "function-to-arrow-function" 1`] = `
{
  "minChangeType": "major",
}
`;

exports[`Test case "returns-widened" 1`] = `
{
  "minChangeType": "major",
}
`;
