// Jest Snapshot v1, https://goo.gl/fbAQLP

exports[`Test case "symbol-class-to-type" 1`] = `
{
  "messages": [
    "Export "Foo" symbol kind changed from a value symbol to a non-value symbol",
  ],
  "minChangeType": "major",
}
`;
