// Jest Snapshot v1, https://goo.gl/fbAQLP

exports[`Test case "symbol-class-to-interface" 1`] = `
{
  "messages": [
    "Export "Foo" symbol kind changed from a value symbol to a non-value symbol",
    "Export "Foo" symbol has changed (namespace, class, interface, or function).",
  ],
  "minChangeType": "major",
}
`;
